/9j/4AAQSkZJRgABAQEAYABgAAD//gA+Q1JFQVRPUjogZ2QtanBlZyB2MS4wICh1c2luZyBJSkcgSlBFRyB2ODApLCBkZWZhdWx0IHF1YWxpdHkK/9sAQwAIBgYHBgUIBwcHCQkICgwUDQwLCwwZEhMPFB0aHx4dGhwcICQuJyAiLCMcHCg3KSwwMTQ0NB8nOT04MjwuMzQy/9sAQwEJCQkMCwwYDQ0YMiEcITIyMjIyMjIyMjIyMjIyMjIyMjIyMjIyMjIyMjIyMjIyMjIyMjIyMjIyMjIyMjIyMjIy/8AAEQgBkAMgAwEiAAIRAQMRAf/EAB8AAAEFAQEBAQEBAAAAAAAAAAABAgMEBQYHCAkKC//EALUQAAIBAwMCBAMFBQQEAAABfQECAwAEEQUSITFBBhNRYQcicRQygZGhCCNCscEVUtHwJDNicoIJChYXGBkaJSYnKCkqNDU2Nzg5OkNERUZHSElKU1RVVldYWVpjZGVmZ2hpanN0dXZ3eHl6g4SFhoeIiYqSk5SVlpeYmZqio6Slpqeoqaqys7S1tre4ubrCw8TFxsfIycrS09TV1tfY2drh4uPk5ebn6Onq8fLz9PX29/j5+v/EAB8BAAMBAQEBAQEBAQEAAAAAAAABAgMEBQYHCAkKC//EALURAAIBAgQEAwQHBQQEAAECdwABAgMRBAUhMQYSQVEHYXETIjKBCBRCkaGxwQkjM1LwFWJy0QoWJDThJfEXGBkaJicoKSo1Njc4OTpDREVGR0hJSlNUVVZXWFlaY2RlZmdoaWpzdHV2d3h5eoKDhIWGh4iJipKTlJWWl5iZmqKjpKWmp6ipqrKztLW2t7i5usLDxMXGx8jJytLT1NXW19jZ2uLj5OXm5+jp6vLz9PX29/j5+v/aAAwDAQACEQMRAD8A9/ooooAKKKKACiiigAooooAKKKKACiiigAooooAKKKKACiiigAooooAKKKKACiiigAooooAKKKKACiiigAooooAKKKKACiiigAooooAKKKKAPLdaJ/4Xjo4/6dzXqNeXa1/yXLR/+vc16jUrqdOI+GHp+otFFFUcwUUUUAFFFFABRRRQAUUUUAFFFFABRRRQAUUUUAFFFFABRRRQAUUUUAFFFFABRRRQAUUUUAFFFFABRRRQAUUUUAFFFFABRRRQAUUUUAFFFFABRRRQAUUUUAFFFFABRRRQAUUUUAFFFFABRRRQAUUUUAFFFFABRRRQAUUUUAFFFFABRRRQAUUUUAFFFFABRRRQAUUUUAFFFFABRRRQAUUUUAFFFFABRRRQAUUUUAFFFFABRRRQAUUUUAFFFFACVBd3UNlbSXFxIscUY3MxPQVn+IPEVh4b0172+lCqvRQeWPoK8qv9W8Q/E+eKxsbGW00fzAZJjwWWpbsdFHDup7z0j3LXhy6uPG3xRfXIdi2enAxqR/EO1exVi+G/DVh4Y0xLOxjAx9+Qj5mPvW1TSsLEVIzl7uy0QtFFFMwCiiigAooooAKKKKACiiigAooooAKKKKACiiigAooooAKKKKACiiigAooooAKKKKACiiigAooooAKKKKACiiigAooooAKKKKACiiigAooooAKKKKACiiigAooooAKKKKACiiigAooooAKKKKACiiigAooooAKKKKACiiigAooooAKKKKACiiigAooooAKKKKACiiigAooooAKKKKACiiigAooooAKKKKACiiigAooooAKKKKAEooqlqeqWekWT3d9MsUKDJZqASbdkXCQBknArgPEvxMtLC6bS9Ihe/wBSOVCR9FNYWt+O9U8WznSfCltL5EjbJL3acAH+VdT4M+H1l4XU3Ejfab+Tl5nGcH2qb32OyNGFFc1bfov8zlND+HWq+I5V1Dxddzld5ZbQtxivV7Kyt9PtY7a2iWOKMbVUDtViimlYxq151d9uwtFFFMxCiiigAooooAKKKKACiiigAooooAKKKKACiiigAooooAKKKKACiiigAooooAKKKKACiiigAooooAKKKKACiiigAooooAKKKKACiiigAooooAKKKKACiiigAooooAKKKKACiiigAooooAKKKKACiiigAooooAKKKKACiiigAooooAKKKKACiiigAooooAKKKKACiiigAooooAKKKKACiiigAooooAKKKKACiiigAooooAKKKKAEooJwK4fxZ8QrbRZ/7N06I3uqPwsUfO0+9Ddi6dOVR2ijoPEPiKw8N6a95eyhQB8qjqx9AK81stD1r4nXB1DWpZLPSQT5MCcFh61f0X4f3+v3C6x4tuZZJC29LTPyp6Zr0+KJIYlijUKijAAHSp33OlzhQVqbvLv29Clo+i2Wh2EdnYwrHGgAyBy3ua0aKKo5G23di0UUUCCiiigAooooAKKKKACiiigBKKinuI7eMvIwAFZrancXBxa25I/vNXLWxlKi+WTu+y1ZpClKWqNYkAZJxVWXUbaEEmUEjsKpCwvLnm5nKj+6tWotJtYiDs3MO5rn9vi6v8OHKu7/AMiuSnH4nf0Kp1eZz+6tHZexoH9qz/OCsQ7A1rKgUYAAFOo+pVZ/xarfpoHtYr4YmP5Gr/8APdaPI1f/AJ7rWzRmn/Z0f55few9s+y+4xvN1aPgxq+O9KNYkj/19s6+4Fa9IVU9VB+oo+p1ofw6r+eoe1i94lKHVraYhd21j2aroYMMgg1Vn063uF+aMA+o4qkdPu7U5tZyR/dal7XF0f4keZd1v9w+WnLZ29TYorITVZoG2XcJU/wB4CtGC5iuE3ROGFdFHGUqz5YvXs9yJU5R1exPRRRXUZhRRRQAUUUUAFFFFABRRRQAUUUUAFFFFABRRRQAUUUUAFFFFABRRRQAUUUUAFFFFABRRRQAUUUUAFFFFABRRRQAUUUUAFFFFABRRRQBxl78SNHsvGSeGGjuJL1iAWRMqpPrXZ14hJfJ4b/aBubjUrZxBqUaw20m3ILV7fQAUUUUAFFFFABRRRQAUUUUAFFFFABRRRQAlFV7u7Szi8yTOOgAos7yO8i3x5ABwQax9vT9p7K/vdiuSXLzW0LNFFFbEhRRRQAUUUUAFFFFABRRRQAUUUUAJUcs0cEZkldURRkljgVna9r1l4f02W8vJkXapKoTgufQV5bNqfiH4otb2ttZSafpO/dJNu++KTdjelh3Ncz0j3NDX/GuqeKNQm0DwnFuA+WS7zgD1xXSeEPAFl4dxeTlrnUnX95NIc4PtWz4d8Mab4ZshbWEIXPLueSx+tbVJLqy6ldJezpaL8xaKKKo5QooooAKKKKACiiigAooooASiis+71NIW8qIGSX0FY1q9OjHmm7FRg5OyLksqQoWdgo96y31K4uWKWcJIH8RpI7C4vZPMvGwvZBWpDBHbxhI1worhviMU9Pch+L/yNfcp+b/AzYtJeUh7uVmOc7e1aqIqKFUAAelOorroYWlQ+Ba9+pnOpKe4tFFFdJAUUUUAFFFFABRRRQAUUUUARvGkgw6gj3rLl02a2lMtk+M8lK16K5sRhKdbWWjXVblwqSjsZVtqp84wXSiNx3rTDBgCDkGq9zYQXOS6Dd61mw3MumTNBOGaH+FsdK41Wq4R8td3i9n/AJmrhGorw37G5RUUMyTxiRDlTUor04yUldbHO1bRi0UUVQBRRRQAUUUUAFFFFABRRRQAUUUUAFFFFABRRRQAUUUUAFFFFABRRRQAVx8Xj/T28eXHhaZfJmiQMsjnAcnsK7CvO/iR8O4vEsH9q6a32bWbYb45k4LY7GgD0SivKvhj8S/7YzoGut5Gr2/yAvx5gHHfvXqtABRRRQAUUUUAFFFFABRRRQAUUUUAeOfGoyWGseGdca3kezsbjdO6D7ozXq+m6hDqmmW1/b58m4jEiZ64NYPxE0CbxL4J1DTYJFjkdNys3Tjmue+Cms32q+C2hvnV2sZjbIQP4VoA9LooooAKKKKACiiigAooooAKKKKACiiigCrd2kd5GEkzgHPFZtgn2XVZbdWPlgZwa26wtTRbbUYZwSNx+Y15OY0403HEpapq78jootyTp9zdopqOHQMpyCOKdXqJ3V0c4tFFFUAUUUUAFFFFABRRUU08VvE0s0ixooyWY4AoDckrk/F3jvTvCsKLITPcy5EccXJz71z3iL4iT3uoDQ/CkIvLqQFWmH3Uqfwv8Mba1aHUtcd7vU93mHc2VU1N77HXChGmuet93Ux9C8Iap43uI9b8UTyi337obQjA29s16tZ2Vvp9qltaxLFCgwqKMAVOFCgAAADoBS00rGVavKo+y7HjXi3xhr/gj4mwz3zhvD97iNAx4Qdz9a9ftLqG9tIrq3cPDKoZGHcGud8eeErfxh4ZubB1QT7cwylclSPSvPvhr4+utIuo/B/iiKS3uYj5drK64DAcAUzE9qooooAKKKKACiiigAooooASkYhVJJwBTZJFiQu7AKO9Y8k02qXBigYpAOretcmJxSo2itZPZGkKblr0HS6hcXjNFaRnHQuat2Onparub5pTyWNTWtqlpEEQfU+tWKxw+EldVa7vL8F6FTqK3LDRC0UUV6JiFFFFABRRRQAUUUUAFFFcx418YW/gzTbe8ngaYTTrCFU9Ce9AHT0VHDKJoI5RwHUMPxFSUAFFFFABRRRQAlRyxJNGUYAgjFSUVMoqSs9hp21Rho0+kybXG63J4I7VrwzRzxh42BBpzxrIpV1BB7GsZM6ZqRU5EEnT0zXl+9gZJXvTb+7/AIBvpVX978zdopAQQCDxS16ydznCiiigAooooAKKKKACiiigAooooAKKKKACiiigAoqpqN9DpmnXF9cEiGBC7kegqn4d8RWHijR4tT06QtBISOeoPvQBr0UUUAFFFFABRRRQB5X8TPh19v2+IvD8Ii1q2cSkrx5gHbHrWp8OfiJD4rtGsr4C21i2+SaFuNxHcV6BXkvjr4Xubw+JPCjtaavG/muqtgSdzQB61RXn3w6+IkXim3bT9QC22s2/yywnjdjuK9BoAKKKKACiiigAooooAKKKKAGSxrLE8bfddSp+hrwzwjND4D+L+o+H5LuWPTbr5rdJOjSNzxXu1eP/ABwsjZponiOBcTWV2oYhexPU0AewUVS0nUIdU0q2vYJVljljDblPBOOau0AFFFFABRRRQAUUUUAFFFFABRRRQAlZ2sop092IGR0NaNQ3MSzQOjjIIrnxVP2lCUF1RdOXLNM5zxD4iufDXhVdQtdNl1B0ABij6getJ4H8c2HjbTGuLZTFcxHE8DdYzWnomGtpI25G4jB9K8b8Xabqnwu8aDxNoqM2kXcg+1Rk/KGJ54qMDU9ph4y8h1Y8s2j3yiqWl6jb6tpsF7bSpJFKgYMpyKu11mYUUUUAJRUcsscEbSSuERRksxwBXm+v/Euaa7l0zwxYvf3AG0zoMqhpN2NaVGdR+6djrXivR9BikN7exJKi7vK3fMfwrzlbXxN8TmaaSc6foe/5ExhnFaHh/wCFzXN8NY8UXBvbqVdxhbohr0yCCK2hSGFFSNBhVUYAFKze50OdOh/D1l3/AMjK0HwtpXh23WOwtURgMNJjLN+NbVFFUtDjlJyd5C0UUUCCvNvi54Un1jRItW01UXUdNfz1bHzMo5xXpNIyhlKsAQeCDQBxXw18ax+MfDqSSsq6hANlzEBjaa7avB/EthefC3x8niTT4pX0S8f/AEqNThQxr2zTdRttW0+G9tJVlhlUMrKc0AXKKKKACiiigBKa7hFLE8AZod1RSzHAFYv77Vbh1WQpbqccd65MVivZWjFXk9kaU6fNq9EhC9xq8m1V226tyfWtiGFIECRqABSW9ultEI4xgCpqjCYV0/3lR3m93+iHUqc2kdhaKKK7jIKKKKACiiigAooooAKKKKACuG+KfhW48U+FDFaSBbm1kFxGD0Yrziu5prqroyMMqwwRQBwvwv8AGo8WeHxHc+XHf2h8mWMHk44ziu8rwG5VPhR8VptTawZND1AbFdTkIT1Jr3a0u4b6zhurdw8Mqh0YdwaALFFFFABRRRQAUUUUAJVa8tUu4CjcHsfSrNFRUpxqRcJLRji2ndGRZ3clrMLS5+iN61r1matbs8aTxjLxHNWrK7S6gDKee49K4MJOVGo8NN7fD6f8A2qLmipr5lqiiivSMAqlqep2ej2El9fzLDbR/edugq7WJ4s0CDxN4avNKuNwSZDjb1yORQBqWl1De2sV1buHhlUMjDuDU9eJ/CLxbcaXfXHgzXfMiuYHP2dp2xleyivZ5po4I2kldURRksxwBQBJRVDTNYsdZheawuFmjRijMvYir9A2mnZi0UUUCCiiigAooooArX1nFqFjPZzqGimQow9jXgOk3d98HPHFxY3ouZfD1w3yS4+RSe/4V9D1h+K/DVp4r0C40u7GFkHyuByp7GgDUs7uG+s4bq3cPDKodGHcGrFeEeEPGF/8O/ET+EPEzs9mrBba5IJAz0GfSvdUdXRXU5VhkH2oAdRRRQAUUUUAFBoooA8u8e/DWa+1BPEfhmUWesQHeQvAlx2qx4E+Jf8AbF1/YWvQNY61CMOJPlEh9q9JrgPiB8OYfFSJfae62esQsGjuF43Y7GgDv6K8e8KfE+40bUZ/D/jmRba7gISGfacSD1r1yCeO5hSaF1eNxlWU5BFAEtFFFABRRRQAUUUUAFZfiDRodf0O70ycLsnjKAkZ2n1rUooA8b+DmqXOl6nqvg7ULoH7DIRaqwwWXPOK9krxj4q2E/hbxRpfjnT1XMbiG4QL1B7mvWtL1G31bTYL22lSSKVAwZTkdKALtFFFABRRRQAUUUUAFFFFABRRRQAUhHFLRQBhxFbTW3U5VJBx6Zq5q+mW2s6XcWF3EksUyFdrDIqvrgCxxSD7wcc1pwuJIlYEEEda8zBfuq1Sh0Tuvmb1fejGZ4V4G8RXXw58Vz+DNbU/ZZZs20wzgE9Bn0r3gEMAQQQe4rj/AIgeBbPxlpBVh5V9AC0E69VNcN4C+Jn9i6bdaN4rklS9sWKozL99R0H1r07mUYSm7RVz2rtXI+J/iFpHhuUW7l7m6YcRQjcR9a48eJfGvjSSaLRLRbPTmbatxIMNtrqvCnw9sdBP2u7JvdRcfPNLzz7Zqbt7HT7GFLWq9ey/U5O2tfF/xFjeS5uTpuku+BEFwzLXo/h/wzpvhuyW3sYFU4+d8fMx9zWwqqihVUKB2ApaaVjOriJTXKtF2FooopmAUUUUAFFFFABRRRQBS1TTLTWNPmsb6FZYJV2srCvHvCOov8NvHd34V1Kdl0i5bfZSydAT2zXt1cl4+8GW/jHw/LbbVS9QbrebHKsPegDrFYMoZSCCMgilryv4beNrhLhvCHiMC31SyGxGc4Eqjp+NeqdqAEoziiqOp3IgtWAPzvwAKyrVY0qbnLoVGLk7IqajM15OtnBzzliK07eBLeIIigCqmlWggtg7r+9bkk1o1x4KjJt4ir8UvwXY0qyS9yOyFooor0TEKKKKACiiigAooooAKKKKACiiigBKKqX+pWel2zXF7cRwxD+JzivMdV8f634k1H+zvBtuzR9HumXgfSk3Y2pUJ1Ntu5u/FhdLuvBF7aX1zHFI65izgtuHpWL8I/HEeo2Ufhy8O28tIh5ZIwGQdPxqbQ/hjdXOof2l4svTfzdVhySoNY3xT8L/APCPajpvjDQ7Vla0kH2pIuMoP6UlcuoqUI8kdX3PaqKx/DHiC28UaBa6taBhFOucN1B71sVRzBRRRQAUUUUAFFFFADSMjBrFjY6ZqLhx+6lPB9K26z9WtzPaEj7yfMK8/H0pOCqw+KOq/U2oyV+V7MvggjIpaqadcG4s0c/eHBq3XXRqKrTU11M5RcXZhRRXKeMPG9h4YsZB5qyX5H7qAckmtW7DhCU5csVqcP8AGzSrS2j07X7TZFqkFwvzqcMy+9ZFjd6/8WNRSJZ2tNLgAWby37+9bOieBNU8W6lHr3iqbdbyqHjt1PT0BFYviDT7j4SeOLfW9NSU6DdsFniDfKGNRZs7OenhlaGsu/Y9i8NeG7Lwvpa2FiG253MzdWPrWzVawv7fUrGG8tZFkhlUMrKcirNWjhlJyd3uLRRRQIKKKKACiiigAooooA5Hx94ItfGmhtbNiK7jO+GYDkMOmT6Vxvw98c3ej38vhLxdMIbu2IS3mk480fWvYK4P4keAIvGGlrJamODU7dvMim28nHYmgDugQQCDkHkVzXjDxhZeFdOMkrCS5fiGFeSxrzPSfi3qen6LNo2qWMja9A3kx/LgP2Brd8G+A7jU5hrvisSy3hffFDI2Qo7cVLfRHXSoxjH2lXbt3N74eN4hvLe61PXHIS6bdDCeqCu3pFUKoVRgDgAUtNHPUnzycrWFooopkBRRRQBz/iTwfo3iezmiv7KJ5XQqs2351PbBryi01Dxd8IZY4dXB1Hw8SQrx8mIZ4r3eqt/YWup2clpeQpNBIMMjjINAFbRNcsPEGmRX+nzrLDIoPB5X2NadeKat4O8Q/Dq9m1rwfM02mlt82ntzgd8V2Hgj4naZ4wP2Vkaz1JR89vLwT9KAO7ooooAKKKKACiiigDO1vTbfVtHurO6gWaOSNhsYdTjivJPg54hh0KW78Jat5tre/aWaBJhgFc8AV7ZXlHxc8PXzXWk+JtKs1mm0yXzJkQfM60Aer0VzXgnxhaeNND/tC1jeIo3lyI/VWHWuloAKKKKACiiigAooooAKKKKAEoorG1/xNpvhuxe6vp1G3pGD8zfQUDjFydkaF9EJbORdu444FYLeJ9K8P6UraldLCVJG09T9BXD6l8SNY8TumneFtOuImlIDXEi/dBrch8IW17JYxeJYxczxL97d8pavLxL9liYVls9H+h6EKCjDlq+tupl3fxC1nxReHTvCNkwUj5rqUYAHqKr3Xwbe/wBEuZru/aTXZT5izdg3pXqtnp9pp8KxWlvHCijACKBVqvSS7mEsRZctJWX4nmnwm8VXep217oOpxxpfaU/lMy4G8fSvTK8n8YfDi8stUfxT4Qna31JWMk0JPyy+tdD8OvHS+L9LeO6Cw6rbEpcQdCCO+Ko5Tt6KKKACiiigAooooAKKKKACiiigAooooA8u+LXgi51m1t9X0G0DaxbShi6nazIO1bHw58cp4r01ra7UW+q2h8ueAnnI4zXc14z450W/8I+O7TxnountNa7SLyGHqfUkUAexSOI0LscACsezjOo3bXMpyiHCrWPpPjC18X6AlxZQzR+a20o4wQRXV2cAt7ZEAAOOfrXlVP8AasUqe8Yav17HQv3dO/VlgDiloor1TnCiiigAooooAKKKKACiiigBKKzNY17TdCtjcahdJCvYE8n6CvP7/wCKN1rDCx8LabPLcyHAlkTCgetJtI2p0J1NUtO56NqGrWOlW7T31zHDGO7NivOdb+JF1rF3Fpfg6NppnbD3BQ7VqXTvhpeatcLf+LdRku5Sc/Z1bCD2rv8ATtF07SY/LsbOKBf9hcE0tWar2NL+8/wPPLb4c6zrl0tx4u1Y3Mani3iOFNehaTotholmlpp9usMS9ABz+daFFNJGVSvOpo9hap6pp8OraXc2FxnyriMxtjrg1copmJ4j8O76fwH41vfBuqySi2mbdYM5+XH/ANevbq8/+J/glvE2kpfWGItVsT5sMnQkDnGak+GHjceLdCMd2UTUrU+VNHnk443YoA7yiiigAooooAKKKKACmSDdGwx1FPopNXVgMbRXCebA3DhicVrswRSzEBRySa5y91S00fULq9vZVigjTJY1wup+I9c+IU39m+Hrea207d+9u2+XI9q87LZWouD+y2jtlQlUlzbLua/ij4lLFMdL8ORG+1EtsJVcqlJ4P+H8qXkmt+JWW71GU5CNyEFdN4Y8Iab4Yslit4lec8vMwyzH610Veha+rJlXjCLhR08+rBVVVCqAAOgFZPiTQ7PxBodzYXsCzI6HaCOQ2OCK16Ko5DxH4OeJ5NIvrvwVq6NBPBIzQea2OM8KK9uryr4nfDyXUJ08UaB+61m0PmHH/LXFb/w18aN4y8PmW5QRX1s/lTpnksO+KAO2ooooAKKKKACiiigAoopjusaF3YKo5JJ4FADq868YfEWOzc6ToJFzqzSeWVAyEqh4z+IT3cw0Pwy8kl68gjedFyqjvzW/4M8A23h3fe3T/a9Rn+d5XHKn2qb30R2QpRpR9pV+SPO9U+GXiZLVfEi3K3GtRyidoezAc4+teg/D74gQeLrKSK6RLTU7dtktuzckjuBXb4ryv4g/DtzN/wAJN4YH2bV7dvNdUOBKB7etNKxz1asqsryPVaK4v4c+Nl8YaITcAR6nbHZcw4xtNbeseJbDRL6xtLtmEt4+yIAd6ZEYuTsjaooHSigQUUUUAFFFFACEAgggEHsa898cfDaPXZ49W0WYafrMHKSxjAf2OK9DooA8e0P4nar4f1CDQ/G9i8EzNsS9/gf3NeuQTxXMKzQSLJGwyrKcg1k+JPC2k+KrA2mqWyyr/A/8SH1Brya5s/HHwoMj6WTq2hbsiN8s0YoA90ooooAKKKKACo54hPbyRHo6lT+IqSigDwbwxf3Xws8eXWgao0h0a9lLwTbMLvY+te8KyuoZSCCMgiuP+JXhuHxH4OvIzGWuYEMsDKPmDDniqXwk8SHXvBdvHcz77+0zFMp+8MdM0Ad9RRRQAUUUUAJRVO81Ox0+MyXd1DCo6l3ArjNY+LOhafKbez8y/nxwIVyM0m0jSFGpP4Vc7/OK53XfG2heHhi9vU83HEacsa4F18f+N3h3L/ZFgx3B1OGI966PQvhZpOl3X2u9kk1G5IwTPyM+uKV29jf2NKn/ABZa9l/mY0ni7xd4vmMXhqwNnaZ/4+ZxjNXdG+F4luBf+J7x9Qu852FvkFeiwwxwRiOKNUQcBVGAKkot3JeJaVqa5V+P3le2s7e0QJbwRxqowNqgcVT1mFmt1lRclDnPtWpTJUEkTIecjFY4qj7ajKBjCbjJSIrSdbi2SRehFWKyNIkMTyWkgIZTkfSteowVb2tFSe+z9R1Y8smgxxXi3jnw5rXgvxBd+OfDkkfluALi22dR34r2mq19JaxWkjXpjFuB8/mfdx711maVzF8G+LbLxdocF7bzI0+0efGOqN3GK6B5o4yFeRFJ6AkDNfNusa1b+FPHF3qfgy5zbyofPhVMxg+orp/Bug33jxodf1XxAzru3JBC+CMH07VPN2OpYVxjzVXy/me30U1FCRqgOdoxzTqo5QooooAKKKKACiiigAooooASorlEktpUkAKMpB/Kpay9alZLdFVsFmwcelc+KrKjSlUfQunHmkonmOoavL8N4rB7KxEmkNcFJpGOSmTXrdpdRXtpFcwOGilUMpB6g1lap4asNb8Oy6TeJvhmXk9wfWvLLO78QfCbXrLTNSuftvh66k8uGRusWazwNF0qKUt3q/Vjqz5pXR7hRUcUsc8SyRuHRhkEHINSV2GYUUUUAFFFFACUVh674s0fw9CXvrtFbtGDlj+Fef3vjHxF4zu47Lwxaz2lsTiS6kXHFJuxvTw8567Luz0fWfEWmaDaPcX11HGFGQufmP0Fed3HjnxP4plS18M6XJaxO3F3KvGK09N+FNoZ1utevp9SnHOHY7c16Bb20NrAkMEaxxoMKqjAFLVmnNRpfCuZ/gecaZ8OtS1PVV1DxhfLfNH9yFfu16Ja2FpZRqltbRRKowNqgVZoppGNStOpuLRRRTMgooooAKKKKAEIBUgjIIwRXh/ieyl+GXxEh8UWMI/sm/Pl3SqvEeepr3Gs7W9Ittc0i5067jWSKZCuCOh9aAJ7C/t9SsYby0kEkEqhkYdxVqvFfAOv3PgLWpPBfiFXjieUmyuG+6QegzXtIIIyOlAC0UUUAFFFRzSpBC8sjBUQEkmgB9cn4o8e6V4bzAzGe9I+SCIZOfeuV1Dx/rXiV59O8K6bIV3GM3bdF9a3fCvw/ttFLajqb/btTcbmkl52n2qHLTQ61QjSXNW+4zLPSn8eWUJ1yOSAs/mtEOCR2Br0Kw0+20y0jtbSJY4oxgACqGkp51xNdHg52gCtmuHLFek5922LFVHKXL0XQWiiivROUKKKKAEIDKQRkEYIrwfxVa6p8LPGcvibS44f7Jv5FjkhJ4UnqcV7zWdrOiWGv6c9jqVus8D/AMLDofUUAS6bqEGp6fDd28qSRyIG3IcjpVyvDvA1/d+AfiBc+D9QVxYXbl7J3fhF7V7iDxQAUUUUAJRRXM+K/Gmn+FrcecTLdScRwJyzGi5UISm+WK1N+5uYbO3eeeRUjQEkscV5Rqmva18Rb19J0BXttLB2zXTDG76U6y8NeJPHzfbtevJbLTmbKWicEr716Xo2i2Wg6dHY2MQSJB+J+tTqzq9zD67y/BGf4Y8Jad4Z05Le3hRpeskrDLM3rXQ0UVRyym5u8txaCBiiigk8i8WeAtX0LV7vxV4OvPImYGS4tSPlkx1xXL6X4k1n4k+KdFElnHHJp7eZLg46Hk17D4x8TWXhnRJZ7vLGQGNEXqSRXh2m+G/Euk6bB4z0hJSyzlpLZerxZ9Kl6ux24dezpyqv0R9KDoKWuS8F+PdM8ZWreRmC8i4mtpOGU/SutqjiCiiigAooooAKKKKACkZVdSrKGB6gjNLRQAUUUUAFFFFABRRRQAhAIIIyD1rxDxhYTfDLxta+KdLUjS7yQR3cAOBuPfFe4Vm61olh4g02Sw1GBZoHHIPb3FAFixvYNRs4rq2kWSKRQwKnI5qSaeK3jaSaRY0XksxwBXz/ABa1qXwt8U3+g6fK19ZP/wAe8MhyUY9BXRW3g7xj4yP2rX9TeztpMEW6HqPTFTfojqhhvd56jsjq9Y+KnhrSxIiXRuZ04EcQzk/WuZl8S+OvF9qy6PpX2Kzl+UTOcMB6iu10r4feG9JjAi02KR+CXkG459a6dESNAiKFUdABgCiz6j9rRp/w43fd/wCR5lYfCNLnZP4g1W6vpuCybzt+ldlpXg/QdFC/YtNhRl6OVyfzrdoppJGU8RUnuwAAAAGBS0UUzEKKKKACiijNAGJfA2uqRToceYcNWrLPFBCZZZFRAMlmOAK5TxV4r0iwnt9PkmEl3M+1Vj5K/Wucn8N+IvF+oNFf6n5GjxnAjiOGce9eXRfsMVOl0lqv1O5Ueempzdki/wCIPitp1i7WukRPqF5naPLGVB+tY0Xg3xX4zL3XiDUpLG3kIxaRngrXoWieE9H0C3EVlZxgjq7Llj+Nbdela+5Ht4U9KK17vc5rTPAugaXpkljDYxskqbJGYZZgevNeS+IdBb4UeNtP17SredtDPyzIHOFJr3+qepaZaavYS2V9As1vKMMjCqOaU5Sd5O43S9XstZsorqyuI5Y5FDfIwOKv14Tq2j3Hwg8VW2s6WzvoN0winhZiRHmvbbK9g1C0iuraRZIpFDKVOetBJZooooAKKKKACiiigAooooAbWKoOoasSR+7h4wa1bmQxW8jjqBmqOixfuXuCfmlOa8zFr2tenQ6bv5f8E3p+7Bz+RqAADisTxR4W07xbpTafqUZaPO5WXgqfUVuUV6ZgeD+B/E7fD7xLqPh3xFPeLZtMEspZgSoGfWvdkdZI1dGBVhkEdxXOeMvB1h4w0WSyukCy/eimA+ZG7HNee+F/Gmq+CNSj8LeLopGi3iO1vsfKw7ZNAHs1FYuueKNK8P2f2m+ulUEZVQcs30FcDP4o8V+Nna18P2T2Ni3DXUowce1JuxvTw85rm2Xdnc674x0Tw6gN9eIHb7qL8xNcTd+Pdf8AE7vZ+FdKkEbDabmYYA9xWvoPwt0vTblb3UZZNQu8fMZjlc+oFdxBbQ20YSCJI1HQKuKVmzTmo0vhXM+72OA8M/DG2g23/iFmv9RY7m8xsqpr0CG3ht0CQxJGo7KuKloppWMKlWdR3kxaKKKZmFFFFABRRRQAUUUUAFFFFABRRRQB5/8AFjwnP4j8NrcWCA6jYuJosDlsdqPh/wDES08SQppd4j2msW6BZYJRgsR3FegcV5N8U/DVzY3tl4x0K3/0yxfdcLGMF075oA9YorA8K+KrHxR4ei1W3cIpGJFY4KMOoNcp4k+Ict1cS6J4YtnvL1vkMyfdT3zSbsaUqMqjtE6zxB4t0nw5avJeXSCUD5YlOWY/SvPEPjP4iRANt07SJH5IyGZa3PDHwztoBHqOvs99qTfMwkbKqa9CjjSJAiKFQDAAGAKVm9zo9pTo6U9X3/yMnw34asfDGmCysVIXO52PVj61ryf6pvoadVLU7kW9ox/ibgVnXqRp0pSlskcy5qk9dWytof8AqJf981rVQ0qAwWS7hhm5NX6xy+DhhoJ9h1mnUbQtFFFdhmFFFFABQelFFAHnni/wnb+M7hWlieOe0b5J4jh1/GtTwpqtvaOnh24vnnvYo96mU/My/XvXUOiRpIwUAkHJrx7x54av/sv/AAl2hzyR6np5PyoM70ryYKrSxMYzm3zX/wCAdLcZU20rWsez1DcXMNpC01xKscajJZjgCvMrX4v2DeFbWRN9zrDxhWgVD9+orbwl4n8aOl34kvmtbJvmFpEcZHoa9S/YIYfTmqOyH6x4z1fxNrq6R4NmCogJlumX5fzrW8NfDo2eojV9eu21HUOo38qh9q6zR9A03QrVbfT7ZIlAwSByfqa06EurHPEWXJSVl+IAAAADApaKKo5QooooASkZgqlmIAHJJpa8z+J3jH7JbDRNKuD/AGjM4SRVGSqmk3Y0o0pVZqKMWVT8Q/iaF8hn0nTjsl+b5SR3r2OOGOKFYkRVRRgKBxiuc8EeGIPDOhRwrh7iUB5pccsTXTUkjTEVFJqMdlojyf4geB7rTL0+MPCrfZ7+3+eeFOFlUdeK63wJ4ztfGGgw3auiXgG2aDPKsPauqZFdCrAFSMEHvXkfjH4c3OiXZ8T+DGe3vYm8yW2U/LIO+BVHOevUVwvgf4kad4riW0mJtdWQYltpODkdcV3VABRRRQAUUUUAFFFFABRRRQAUUUUAFFFFABRRRQB5/wDErwMPEWlm/wBOVYtXtT5sUo4LY5wam+GXjJ/FehNHeKI9Rs28mdM8kjviu5xkV414+8I3nhPUm8aeGZJEZXD3lsh+Vl7nFANt7ns1FYvhXxDb+KfDtpq1sCEmXlT2PetqgAooooAKKKKAEoorn/Fniq08L6PNeSsjyqPkh3csaGyoQc3yx3Ne9vrfTrR7q6lWKFBlmY15nqnjrVfFN6NK8IQuFJxJeOvyge1V7fRvFHxEMN3rMws9HYh1gQ8uK9P0zSbLSLRLayt0ijQYG0danVnVanQ396X4I5Hwn8OLTR3N9qjC+1Jm3GV+Qv0roI2Gn6s6sCsUnT0zW5Wdq8BltNy9UO6uDH0n7NVYfFHUiNaVSfvvc0RyM0VVsbgXNojjrjBFWq7aVRVIKa2ZzyXK7MWiiitBGbrmh2PiHSptO1GISW8owR6e9ePT6b4i+EOrve6eJ9T8NsPniZsmIete51XvbOHULKa0uUDwzKUdT3BoAzvDHiOz8VaHBqtiT5Uo+63VT6GtmvD9Q0PWfhLrP9q6Ck15oEp/f2ucmP3Feq+F/E1h4s0aPUrBjsbhkPVD6GgDbooooAKKKKACiiigDO1ecw2ZUDlztqbT4Db2UcZOTjNVNd/1EX++K04/9Uv0FebS97Gzb6JW+ZtLSkvMdRXN+IvG+jeGlK3VwHuP4YY+WP4VxU/jLxd4pAs9E0aWxjl/5epey+tei2h08NOavsu7PRtY13T9CsZLu+uEjRBnGeT9BXknivVNQ+J1vHp+kaHJ5KOHW6lG3BHoa6TT/hSs08dzr+qXGoSKdxjZvlzXolvbQ2kCwwRLHGowFUY4pas05qNL4fef4Hz74PGmR+LH07xw06ahCwW3Fw37tvSvoOCOGKFVgRFjx8oQYGK5zxl4H0vxhprw3MSpdAZiuFGGQ9ua4jwR4t1Lwxrw8F+K2/eLxaXTHh17AmmlYwqVp1HeTPYKKQEEAg5B70tMzCiiigAooooAKKKKACiiigAooooAKKKKACiimPIsaF3YKoGSScAUAOrB8V+ILDw9os1xfYdXUosXdye1c3rfxPghvJdP0Syl1G8U7cxjKA/Ws7TPCPiDxRq9tq3iuRUt4W3xWa9B9alvsdUMPy+9V0X4s8ou4da8Pwy3rW15YaFqEm+RYuiqT+lfQfgjRdG07QLa40mPKXKCQyvyzZ9a0de0Gz17QbjSbmMGCVNoA7HtXl3w48TnwfqN14N8RzNC8UpFpLL91l7AGmkTUxDmuVKy7HtFFIrBlBBBBGQRS0znErEkJ1HVQgyYYvvfWr2pXQtrYgH524UCmaVamC33uD5j8tXl4p/WK8cOtlq/0RvT9yDn9xoAAAAdqWiivUsYBRRRQAUUUUAJRmszVtf0zRIfN1C7jhHYE8n8K5238ZXGs3zwafZOtoB8s8gwX+grnxGJhQjzSZtToTnqloaXiPXLaztXVpwm37xJx+FefnWfFfiqzGmaRpj2VnK2Hun7r612ieDU1HUY73VmEqxHMcPbPqfWusjjSJAkaBVHAAGMVyYShUlN4mt8T2XZHS61KlFQgrvueBeKfAc/w8XTvEmnTy3PkSj7Wm3Ix3Ne3aDrNpr+jW2pWTh4JlBGOx7irGoWMGp6fPZXKhoZkKMD6GvFrK8134O6kLK9i+1eGZ5j5cy8mLJr0krHHOpKo7yZ7pRVezu4b60iurdw8MqhkYHqDVimQFFFFACUUVheI/FOmeG7N5b25VJCp8uP+Jj9KBxi5O0dyv4y8XWfhXS2llbdcyAiGJerGuU+G/hW4nnn8Ta5Gz3tySY1l5wvY1V8GeG7jxdfHxR4geSQCQm2gcfKB2OK9ZVQihVAAHQCpWup2VJKhF0obvd/oOA4oooqjiCg9KKKAPKviN4Cv7rVbHxF4Xihh1C0JeUD5fMxzU3gH4q2+tQyWXiGaCx1aOUx+U3yhvzr0/tXnvj/AOGVl4qs/O0+OGz1SNxIk6rjcR2NAHoIIIBByD0pa8g8I/EbUdI1c+GvGsf2e4QiOC624STHqa9cjkSVA8bBlYZBByDQA+iiigAooooAKKKKACiiigAooooAKKKKACq17Zw6hZT2lwu6GZCjj1BqzRQB4ZHJqnwa8RJbyM9z4YvZdqE9YWJr2+GZJ4UljYFHUMCPQ1jeKvC1h4u0Z9Nv1JQncjDqjdiK808B+KZfBuvXng/xJdyBUkxZTy9GXsM0Ae0UUisGUMpBBGQR3paAEpGYIpZiABySajuLiK1heaeRY41GSzHAFeUeIvG2peK5n0TwzazGBpBHLeqOAO9JuxtRoyqPTbubXiL4m2ttPJpuiQSahfnKjyhlVP1qh4a+HL6lt1fxW8txeSNvEDt8qeldd4V8Iaf4Z09IoYle4IzJMwyzH610dK19zWVeNNONH7+pHDDHbwpFEgSNBhVHQCpKKWqOQKayhlKkZBp1FJq6swMIg6ZqSgEiCT8ga2wQQCOhqpqNt9ptGAHzDkUzS7nz7UBj86fKa8zD/wCzV3Qfwy1X6o3n78FPqtzQooor1DAKKKKAI5Yo54XilUMjghlI6ivFdX0nVvhP4gbW9FSS50C4fNzajny89xXt1RyxRzxNFKivGwwVYZBoAxvDPizSvFmni70y4DgffQ8Mh9CK3a8X8SeFtZ8AeIJ/FXhSNZLGTm6slHbuQK77wd470nxjabrOXZdIB5tu/DIaAOqooooASisXW/FejeH492oXscbdkByx/CuA1DxhrvjWUad4YtJra2ZsPeOMYHtSbsb08POeuy7nc+INRtYwkHnKZl/eeWDzgVxMnivxd4pla28O6cbS2X5TczDH4ir2n+BB4emF/dahPe3kmEZpDxivQreJIoEWNFRcDhRivOoXeMq+i/U6JSp0oLlXN5nEeGPhxb6fM2oa241DUpDuLychfpXdqiooVFCgdABTqK9FKxyVKsqjvJi0UUUzMK5Hxx4E07xjYHzlMd9EpMFwnDKe1ddRQB5B4C8a6joepp4O8WI0VymRb3UjcSDtzXrysGUEEEHuK5Xxl4E0rxlaqLtWjuogfJnjOGU1594I8bv4Jvbvwv4uuJlaKbFtcygkMvYZoA9soqKCeO5hSaF1eNxlWU5BFS0AFFFFABRRRQAUUUUAFFFFACUUZrjPFfj+18PzR2VpCb/UJDhYIjnH1obsXTpyqO0UdLqmq2Wj2b3V9OkMSjqx615fqGt6t8SNRXTNGSa10hT++uSCN49qmtPD2v8AjvWUvvE0LWmmw8x2mfvfWvULOytrC3WC1hSKJRgKoxU6s6bww/nL8EZXhzwppnhmyEFlCNx5eRuWY/Wt2iiqOWUnJ3luLXH+PvBFn4u0SZPKRL+Nd0E4GGVh05rsKKCTzL4W+MpL62fw3rLGPWbAmMq/BkUd69CvbxLSLceWPRfWvOfiF4Mu21m08VeHpEh1S2YB06CRe9dDo2q22rawbO6uFa/iiEjQjtXBi8RJNUaPxv8ADzNqcE1zy2Rr2tpLdzi6uuAOVStgDigDAxRW2Gw0aEbLVvd9yJzc2LRRSMwUEkgAdzXSQFFc/qfjPQdKhmafUYC8QJMauCxPpiuDuvFfizxlELfRdOews5Gwbtzg7fUVMpJbm9PDTnrsvM9K1TXdN0aEy313FCAM4ZuT+FecXHjTxP4qnkTwxbLa2SHH2uYcGksvAFn9q87V7y41i4HQOTtFdzYaIUt0h2Lb269IoxgV588fzvkoLmf4fedSp0qKu9X5/wCRwOkeB7zUtUN7r919vuy3GD8i/hXp9hpUFii7VBYDGfSrcNvFAuI0AFS1VDBe97Wu+aX4L0MK+KlU91aIWiiivQOUKzNe0Sz8Q6PcabexhoZlx9D6itOigDxTwrr158NPEbeFPEUzHS5Dmyun6AehNezxSpPEssTh43GVYHgiuY8feD4PGPhu4siiC6C5glI5Vq5b4Y+NCkbeE9eZLbVLA+TGGOPNUdMUAep0UVxXiz4g2OgzPp0Ecl1qTLhYYhnBPTNJuxdOnKo+WKNDxf4vsvCultPKwe4biKIHlj9K4vwl4bvPGWor4p8SAOh/1FsRwB7ipfBPgifVJm17xTHLLdtIWhhlOQo7cV6kiLGgRFCqOgAwKW+rOqc40E4U9ZdX/kJFFHDGscSKiKMBVGAKkooqjiCiiigAooooASiiuRsfFst38QL3w6YFEVvEHEmeSaCowcrtdC54s8HaV4u01ra/gBkAJilHDIfrXmnhPxXqHw81xvCniybFgoJtbtsnI7DNe3Vj674a0nxHamDU7KKcYIVmHK/Q0ElzT9TstWtRc2FzHcQno8bZFXK8Hk0TxD8G7xdQsLh9Q0CSQmeAD/VgnrXrvh7xVpHiaxjudOu45NwBaPd8yn0IoA26KKKACiiigAooooAKKKKACiiigAooooAK4j4leDI/FXhi4S2t4/7TjG+CXGGBHbNdvSUAeX/Dn4hW9xBB4a1lHstYtVEW2bjzMehr0LVNWs9HspLu9nSKNATljjPtXmHxcsfD08Cagl/Haa3aHdC0ON7H0OKyPBmn3vxIMN1r+sLPb2p2/ZVbDMR6ipb6I6adC656jtEvXWpa18UL+CztbSaz0VXJlmzgSLmvU9F0Kw0CwSzsIFjjUcnux9TVqxsbbTrVLW0hWKFBhVUcCrNNIVavzrlgrRQtFFFM5wooooAKKKKAE6isO8jOnXa3MORGx+cDpW5UF1ALm3aJu4rjxuH9rTvH4lqjSlPllrsPikEsauvRhmpKx9MuTAzWk5IYH5c+lbFVhMQq9JS69fUVSHJKwtFFFdRAUUUUANZVZSrAEHgg968k8f8Agi60i/j8WeEYmivoWzPbxcCRe/FetsQoJJAHqa4fxP8AEa00i8XTdOtzqN+/SKI5A+tJuxdOnKo7RRJ4S+I+keI9KeeaVbO5txi4hmO0qe9ZGsfEe41O5Ol+EbVry4b5TPj5EriNR+HPifxLNe64LKDT5pF3C3U43/Wuj+HnjrSNNMPh7VtM/snVAfLJZMLIfrS1Z08tKjrL3pfgbfhv4aQI/wDaXiRjfai53EOcqvtiu/t7WC1jEdvCkSDoEGBUwII4oppWOepWnUd5Moarbm4tCQeU+YUaXdfabUBmzIvDCr5GRg1hzwy6de/aIlZoW5YCvLxSlh66xMdnpL/M0p2nHke/Q3KKgtrmO6jDxtn1HpU9elCcZxUou6MGmnZi0UUVYgooooAK5/xT4T03xTpNxaXdtEZXQhJSvzIexzXQUUAeJ+D/ABhdfD28/wCET8WK6QRti1vCCVZc8AmvZ4J47mFJoXV43GVZTkEVleI/DGmeKNMlstRt0cMuFfHzIfUGvKLfUPFHwju/sl/FLqnh0n93Mgy0QoA9xorK0HX9P8SaXFqGnTrJDIM8HlT6GtWgAooooAKKKKAEqte31tp1pJdXcqxQoMszGsbxV4vsPCtiJrk+ZMxxHCh+ZjXC2+i+IPiNe/a9aMun6QCDHbA4Lj3pN9jop0OZc83aP9bDtV8Wav431BNK8LCaCz3YmvNuBj2rqvC3w+07w7N9skd7u/b708vJ/Cuj03S7PSLOO1soEiiQYAUdau0kurHUxGnJTVl+fqKKKKKo5gooooASq11eRWkZZzz2Xuar3momOXyLdN8p/So7XTmkk8+8+ZzyF7CvOq4uU5Olh1d9X0RtGmkuaexFDbS6lcefcqViH3VrzT4m+Gbnwzdy+O9CvXguYdonh/hda9kAAGAMCs7Wf7Lk02aHVWhNoy4kWUjBFbYbCxoK71k92TOcpuy27FfwrrsPiPw7Z6hHLG7yxAyBDna3cVryyxwoXldUUdSxxXze2vw+AvFM9x4RvTdaTLky2zA7UPtXV6fp2s+PII9U1zWDbafJyltAcEitqlaFNXk7G8MJK156L8fuO7134h6Do1q7LeR3E44SGI7iT6Vx4bxz43RBNt0nS5Pm3qcMVrY07wVoFnco2nab5k6/8tZvm/GusXTbyZQk84EY/hWuF491G1Ri5fl95slSor3d+7/yOLg+HnhazEaPbSahdA5MjuTk119vp9zLCkOBb2yDCxqMcVqW1jBa8xpz6mrVCwdWtriJadlsYTxLe2vqV7e0itkCxqPrViiivQhCNNcsVZHM227sWiiirEFFFFABRRRQAlef/EH4eQeJI11LT3Sy1i3bzEuAMbsdjXQ+IvF+j+Goc390qSkEpGOSTXn9nH4x+Icclwb3+zdKdiFVRhmWk2dFPDuS5pOy7mTo/wAS/FV5B/wjkdrHNrKuYvtAPBA713Pg/wABS6VqEmtaxdfa9TnX5iRkL9K5zW/g+9hZx6j4Zv54dWtl3ZLcSmt/4efED/hIVfSNWjNtrdr8ssTDG/HcUknuyqlaMVyUtF1fVnoIHFFFFUcoUUUUAFFFFABRRUU80dvC80rBUQFiSegoAq6tqlto2mzX13IEiiXJJ9a81+HEd94g8Xal4tmRY4JgYkXHJ9DWdqOq3fxQ8UppFjuTRrZ90rdPMAPNev6fYW+mWUVpaxrHFGoUACp3Z2yXsKbi/il+CLdFFFUcRDcW8V1A8E8ayROMMrDIIrx7xv8ADGbRmTXPBKTwXqShpLeJ8Ky98CvZ6KAPOPB3xTtNZvTo+sWz6XqkSgFJzgMfavRgwYAggg9CK47xd8ONE8Whp54jBfAfJcxcMDXBaF4v1f4b643h7xbJLPpnS2vipIA7ZNAHt9FFFABRRRQAUUUUAFFFFACUUVS1HVLLSbVrm9uEhiXuxxQCTbsi4zBQSSAB3Nef+LviFFaO2kaEpvdUl+QCPkJ7mucbXPEnxG1S40/SX+yaRHJh7lOCy133hjwRpXhiLNvH5ty3355OWJqbt7HZ7KFDWrq+3+Zz/hH4bWlvbi/16IXepSne3mHIXPasLxl4Eu/C2qxeK/B0LrJE++5tEPyuvfAr2OkZQylSMgjBFNKxz1KsqjvJnMeCPGln400j7XApinjOyaFjyjV1NeHarHP8LfiTLrq2jHQNR+WTy+kbHqSK9m07UbXVbGK8s5llglXcrKc0zMt0UUUAFFFFABRRRQAUUUUAZWr2rSRrLEmZEOeOuKsWF4t3FwMOvDA1crElDaZf+coJhkPze1eVXTwtb28fhekv8zog/aR5HutjbpajjkWVA6HINPr04tSV0c7VgrL1nxBpuhWzT391HEAMhSeT+FYfjbxzb+FoVgijNxqE3+qgXr9a5fwz4IvfE15/wkPiwtI0nMdo2QF9Mihvojpp0Fy+0quy/Mp3HiDxR8RZnstGt2sdM3fNcHILD613PhjwFpHhvbPHGZr3HzTyHLZrpLW0t7KBYLaFIol4CoMCp6EurCpiG1yQVo/1uHauN8f+BbfxfpJEW2DUYT5kE6jBDDsTXZ0VRzHkfhD4k3WlXcXhrxlA9rfIfLjunGEkA6c16zHIkqB42VkPIKnINYPirwdpPi6wNtqMALDmOVeGQ+xry+x1rxF8Jb3+ztahlvvD7SYhu+pjB9aAPcaayhgQQCDVHSdZsNcsUvNOuY54WH3kOcfWtCk1fRgYc9rcWNy9xbDMZ6oKuW2qwTYDNsfuGq/VS4063uMlkAb1Feb9VrUJOWGej6P9Oxv7SM1af3loEEZByKWsY219YtmB/Nj/ALpqWLWYx8twjRMPUVcMwiny11yPz2+8Tot6w1NSiq0N7bzj93ID9asAg9DXZCpCavB3MmmtGOooorQQVBc20N5bvb3ESyRONrKwyCKnooA8U1rwnr/w3vptd8JzNNpbPvnsDzgd8V6B4O8eaT4xtA1pLsukA823fhkNdUyq6lWAIPBBryzxr8MZ5b4a94Rl+waqpy6IdqSUAep0V5f4R+J0x1JtA8XQLp+qIdqMeEk/GvQNU1mx0iwe9u7hEiVdwJb730oGk27IvswRSzEAAZJNeceJvidDE9xpuhW815fj5Q8a5VTWT/aHiP4l3kiabK+naIvBl/ikrvvDPhLTvDNgILaMPIeXmcZZj9am99jrVOnQ1qay7f5nK+Ffh6bh4db8STSXl+43iKQ/LGfpXpKqFUKoAA4AFLRTSsc9WrKo7yFooopmYlFB4qndajBaqdzbm/uisqtanSjzTdkVGLk7IsySJEhZ2AArKl1Ca7k8qyU47ua5zV9avWmPkWclxnoobC/jWa174wvQYIFtbCBuhjXc4rw55jHEaKfLD8X/AJHfDBuKu9zvLS0SyV5p5AXPLMx6Viah8RfDmnzPAbzzpl/giUt+HFZlh4NvnJa91C7uN/3hLIdp/Cte08Eabayl0hiBPUqgya6aNecYcmHpO3noS4UVJurK/ochqXjzxDrlrLb6Jo8lsrnaLmU4IHriqlp8Pp9SkjOqapd3zkZdCxCA+leqQaTaQLhYgfrVtIkjGEQD6CtHRxlbSpJRXlv94/rdOmrUY2OQtfBFrbWZtEtLZYWGG+QEkfWuL1TX7vwF4yjt9WsvM0CZVSCSJeIz717NWF4t8M2vivQLjTLoAbxlHxyjdjWsMuoxd5Xl6u5zTxNSW7Ne2aGW3jlgC+W6hlI9DU1eL+HPE+v+ANdsvCvihVlspj5dpdg/lmvaFIIBBBB7iu1JJWRgLRRRVAFFFFABRRRQAlFMkljhQvI6oo6ljgVwPiP4jiC+XS/DtuNSv2/ucqv1pN2NKdKdR2ijtdR1Sy0q2a4vrhIYl/iY4rzzVfiTdaxdHTfB9o13MRhrgj5UqCw8E674r1D+0PGEzRwq2Us0b5a9G03RNN0hClhZxQAjBKLgmlqze1Gjv70vwOK8OfDf/Sf7V8TTf2hfuM7JOVSvQYYYreJYoUVI1GFVRgCpKKaVjCpVlUd5MWvNfHvw/u9Q1KPxJ4cuVstXt1JJA4kA9a9KopmZ5n8NviSPEEEmm67NFb6zDIU8s/LvA7816ZXnHxE+HMGu2f8AaWjQpba1bt5iSJ8pfHY4pngL4lw6syaFramz1uH5GSQYEmO4oA9KoozRQAlFFY+v+I9O8OWLXV/OqAD5Uz8zH0AoHGLk7Iv31/babZyXV1KscMYyzMa8nu9S1z4man9i0wS2ehKcST9PMohtta+J+redeLPY6AnKR9PMr1bTtOtdKso7S0iWOGMYCgVO/odnu4bzn+X/AASj4e8N6f4a09bSwiCjqzHqx9a2aKKo45Scnd7i0UUUCCiiigArK13w/p3iPTpLHUbdJYnGMkcr7g1q0UAFFFFABRRRQAUUUUAJRWXrPiHTNAtjcajdJCmccnn8q861LxvrHi/U10rwirR27DEl464A+lJtI2pYedTXZd+h1Xi3x7Y+GQluim7vpThIIzk5965bTPCGseNb3+1fFUkkNru3RWQOBj3rofDPw5sdHmF9qDm/1IncZpecH2rt8YpWvuaurCkuWlv3/wAinp+mWel2y29lbpDGOyDFXKKKo5G23di0UUUAUtU0uz1nT5bG+hWWCVdrKwrxnS725+EXjOTStQkmbw3dnNvK3IjJr3OszWtC07xBYPZalapPCw6MOR7igC1ZX1tqNqlzaTJNC4yrocg1ZrwrwhrY+GPivUvD2uGeLTJpc2Ur5KKM+te4QTx3MKTQurxuMqynIIoAlooooAKKKKACiiigBKjmiWaNkYAgjvUlFTKKkuV7DTtqYdpLJptwLaYfu3PytW2DkZzVW9skvEw3DD7pHaqNvdzWUwt7rlOivXlU5ywMvZVPgez7eTN5JVVzR3KGoeDYNQ8ZWfiCSbJt02eSVyD711AGKQHOCOlLXrLyMZTlJJPoLRRRTJCiiigAqpqGnWmqWclpewJNA4wyOMg1booA8Pu9K1v4TeJZ9T0WzkvfDtxzJboSTF7gV6T4X8daH4rto3sbtBOw5t3OHU/SuldFkQo6hlYYII4NeR+LfhG6ao3iHwlc/wBn38YL+Sg4kb+lAHr1Feb+BPiXBqyHSteZbHWrc7JI5TtDn1FejghlBBBB6EUAFRSW8Mp/eRq31FSEgAknAFea+LviQYrp9E8Oxtc6kx2eYgyqGonGMlaSua0aU6krQOrY6RdatLpsNwFvY13PGp5AqwNOvYB+5usj0Ncv4D8F3+lXs+ua1cmbU7lcMM8AV6BXHLLqEnzJcr8tDWpUcJcsXdGP/wATeE/wyUfbdRh5ltdw/wBmtiip+oSj8FWS/Ez9qnvFGR/bMiHMtq6r605dchJwY5APUitQqp6gH60xoY2GCi4+lH1fFrarf1Qc9N7x/Ep/2zZf89P0pf7Ysv8Anp+lPmtrGCNpJUiRByWbgCvNvEHjFtTvZdF8J2C3dwRte4A+VKTWOXWP3M1pUoVHomXviLpOj+JNJOLBrm+X/VSxHayH615jYeHfEhvLSLWrO61DT4zjy2n6CvY/B3g+TStPSXVZ5Lm/cZfc+VX2ArppdMtJYmjaFQrDBxwaOXHPdx+5mirUaLcYL5mbpEmkaPpsNnZL5MKDhB2q/wD2xZf89P0rzTxj4G8QadeW+reD7qaRoz89nLJuVvfmrPg34gWmp38mieIrGPTNXh4Kvwr/AEqnHHdHH7n/AJnO5Um7u56F/bFl/wA9f0qF9biziON39MDrVwWVowBESEHuBUgihhXhFUCpcMa/imkvQV6XRMzf7WuT0snqGbU70oXEYiUf3utWbrUwCYbZfMkPHHQUyDSTJiW7dnY87c8CvPqfWasvZ0ajl3eiS+ZtHkiuaUbFO3Oo6gcGRlj/AL1Tjw/lsvOWFbSoqKFUAAelOrqp5PScV7dub82yJYmV/c0RTg0y2gXAjBPqasrEi9EUfhT6K9Knh6VNWhFIwc5S1bFooorYkKKKKACiiigDjfiH4It/GeiFCSl9bgvbSg8q1cp8OviTbw2yeG/Es5ttWtpPIQOD+8A4BzXrtcL4/wDh9p/ifSZ5re3WLVYx5kM8YwxYdATQB3IIIBB4pa8v+EHiy71OwudA1fcNT0xvLdpGyXr1DtQAlFRyyxwRmSV1RB1ZjgCuK134o6Ho9wtvCz30zDgW/wA2D70m7F06U6jtFXO3eRY1LOwVRyST0rk9f+Imh6LAdlwt3cE7VhgO4k1xMVr4y+Ik7tczSaTpRztAGCwrtNB+G/h/RGimW1E12g5mk5yfXFK7ex0ulSpfxHd9l/mcjLZ+MPiI6C6Q6VpG7OzozCu+8O+D9H8NR/6DbATEfNK3LH8a3wABgDApaaRnUxEpLljouwtFFFM5wooooAKKKKACvNfib8O5PEccGqaIqQ6zbuGEmdu8DtXpVFAHmPgn4jXE+pt4b8UW4sdWiwqE8LKB6V6YWAXcSMetcF8RvBWkeIbZNRubz7Bd2ilo7hCFJ9jXjeneO/EEWmjw/c6ofs80/li8kzuC5xjNJuxtSoSqa7JdT2PxF8TLayun03R7aTUNQB27YxlVPuaztB8B32uXy654ulaWYndHaE/Kn1FdN4O8H6X4dsVltSLieYBnuGOSx9jXVUrX3NZVo01y0fv6jIoo4IljiRURRgKowBUlFFUcgUUUUAFFFFABRRRQAUUUUAFFFFACUVjav4o0bRA4v7+KJ1GShb5vyrz/AFH4qahqkjWnhjSJ5mPAndTge9JtI3p4epU1S0PTr7UbTToHnu7iOKNBklmxxXnWt/E59R3af4Stpbu7fgTBflSoLL4aatr1w154t1OWQtgrFC2APY16Npeh6do0Cw2NpFCoGMqvJ+tLVmlqNLf3n+B55pHw31DWL/8AtTxjd/apCAVgU8D616TY6bZ6bCIbO2jgjHZFxVuimlYxq151N9haKKKZkFFFFABRRRQAUUUUAYfibwxp3ijSZrK+t0cspCOR8yHsQa80+Hvi0+D7+fwZ4lleJ4ZdtpPJ911PQZr2euQ8e+CbTxhoU0IjRL9Rugnx8ysPegDrlYMoZSCCMgilryLwN8RH0mVPCvi1WtNQtyIopnHyyjtzXrisGUEEEEZBFAC0UUUAFFFFABRRRQAlVry0S7hKNwex9Ks0VFSnGpFwkrpjTad0Ykd1cabJ5VwC8XZx2rYjlWVA6EEGkliSZCjqCDWNLBcaZKrW5aSInlfSvMbq4H+9T/Ff5o392r5SN2iqVpqUV18v3XHVTV2vRpVoVY80HdGMouLsxaKKK1JCiiigBKKKrXt/a6dbme8nSGIdWc4FAJX2OI+Inw4svFOmTXNlbxw6yozFOvykn3xXF6F8Uda8I3y+H/F+msq28QSOWIZLY7k966HxD8UpZ76PTfClv9sndtjSFTtz7VTsfhVqOvv9u8V6jI0jZIhU/dz71LfY7I4ZQXNWdl26jZNW8V/EeaQaG507SRx5rcF/xrt/CHgmx8LWYGFnvGOZLhh8zGvNWsfFXwj1NJLLz9V8OEkvEBkx16X4Q8e6N4xtDLYy+XMhw8Epw4P0oS6mdTENrkgrROqoooqjnCiiigAooooA8P8Aiz4ue41dfDis9tbxMGnlB+8KZoXi1NPtYdK8F6JLNdSfennXG4+ua9evfDuj6jcGe8063mlPBd0yatWun2djGqW1tFEq8AIgGKjld7nesVSVJQ5dvuMvwmddbSd/iAILtmJCp/CPSt6kpkk0cS7nYKPem5KKu2cUm5SukSVxnjL4daL4sR55o/s+oBf3d1GcMD2zW/Pq6A7LZTLIemOlRCyvrsA3E5RT/CK4Z49N8tCPO/Lb7zRUWlebsed+GovHfhu7W1vNTtb/AE2EYw2SwUe9dPpfiXTPEmoS2qarD5sTYaENg11lvYw28exUBz1J5zXnfij4NaVq962paRcy6XqBbcXiPyk/SpWEq17PEy07Lb/gj9rGOkF8z0W2soLUfu1GfWrNeG2nj3xR8OtRXSPFdrJfWIO2O9QckfXvXTX3xfspkWLQ7G4vbmQDZ8nygn1ruhCFKPLFWQoUqlV3SuemUVzPhC/8R39vM+v2Edq2QYgh6j3rpq0RnOPK7MWiiigkKKKKACiiigAooooAKKKKAPJviL8P7hJ38VeGHkt9ViO+WOM4EoHX8a6bwH46tfGGib0Ij1GFds1ux+YMO/0rsiAykEZBGCK8U+IXg+68HagfGvhZjA0bbrq3X7rj6UAaOraF468Yak9nfslhpQfojcstdh4e+H+g+HAr29qJLjGDLJ8xNWPCPiyw8UaPbXEF1C900QaaFG5Q9+K6KkkjeeJnKPKtF5AqhQAoAA7CloopmAUUUUAFFFFABRRRQAlFFYPiHxfo3hqPOoXSpIwysY5Y0FRjKTtFXN0kKCSQAO5riPFnxCttIZbDS1F9qcp2pFGc7T71zE+t+JviJcx2Wm202maWTl7k8F19q7Tw14B0fw4RNFGZ7v8Ainl5bNTdvY6VShR1q6vt/mctZ+Atb8TzLfeLNRkEbHcLSI4AHoa6bV/h1oGqeGm0UWiQxDmN0HzK3rmuuoppJGVSvOpo9ux4F4e8Tat8J9budE8SJd3emMf9HuACwRfWvZvD/ibSvE9h9s0q6WeLODjgg+4q7e6faajA8N3bxyo6lSHUHivFdf8Ahjrvgp5tb8E6jPtDb2s+ufoO9MxPdaK4HwB4y13xCxtNZ0C4sJIowTPIMK5rvqACiiigAooooAKKKKACiiigAooooA5vVPA2gaxqg1G+shLccfMWOD+FbdrY2tlGsdtbxxKowAigVYoosU6kmrNi0UUUEhRRRQAUUUUAFFFFABRRRQAUUUUAFFFFAHI+PPBFn4v0SWHy0S/QboJwMMrDpzXL/D3x1cW1yPCXicG31S2+SKR+BKB05r1auI+IHgK18WWH2iE/Z9VtxuguE4OR2NAHb0V5f8NPH5vYn0DxDMsOs2r+UBJwZQOh+teoUAFFFFABRRRQAUUUUAFIQMUtFAGbd6XHOTJGdkvYiq4m1Cyx5yeanqK2aCARzXBUwEXLnpPll5bfNGsaztaSuina6jDdHaCVcdVNXM1n3WlxTyeYjGN/VaqtDqFopKzq0a8/MazWIxNHSrDm81/kVyQn8Lt5M2qhubqCzt3nuJVjiQZZmOAK5pvFwktZPsSw3NyhxsEnBNcRd6X4r8bvJHq2oRaZYZwIUOSRW1PMKE9FLXz0NYYOW89Eb2s/FbTIx9m0NW1G+ZtqoinANYdz4U8beNVh/t26htrAuHNuOoFd/wCH/C2jaLaQJbW0DTxoFM4UbmPrXQ11JqWtw9vGlpSj83uY2heF9K8PWggsLREHUsRkk+ua2aKKvY5JScneQjosiFXUMpGCCMg15V4q+DqXepPrHhq/fS9QJ3FUOEJ/CvV6KBFHSILq10i1gvZfOuY4wssn95u5q9RRQAUUZpjSIo5YD8alyS3YDqKoTatbQ8Bt59Fqq2o3N2dlpEVHdmrjqZhQg+VO77LU1jRm9dkbBIAyTVCbV7aJioJdh2UVXGlXTjMl23PUCrttp8FsmAgZu5NZ+1xdbSMeRd3qVy047u5nG8udRmMVvmJO5I5qZNHZnBuJ2lUdq1Aqr0UD6CnUQy6Mvervnf4fcDrtaQViCG1ggH7uMCp6Kp6lqlnpFk93fTrFCgyWY13whGCtFWRj70n3ZcrjfGPj+w8NWTCB47q+LbBArcg+9ctrfxF1HxFef2T4Pgd95Aa728KDWv4X+F9lY4v9b/07U2bezscqDTvfY640I0lzVvu6nP2XgjXvHiJqPiW/lt4GfclqB0X+lenaN4d0zQ7OO2srWNQgxu2jcfcmtVVCqABgDgClppWMquInU02XYXFFFFMwCiiigAooooAKKKKACiiigAooooAKhuLeK7t3gnjWSJxtZWGQRU1FAHhXifwnqHwy14+LPCyZsHIW5tFGdq9/wr1bwn4r07xdo8d/YSgkj95GT8yH0IranhjuYXhmRXjcYZWGQRXg3inSNU+FPixfEPh+GR9Gnb/SIByoJ7YoA9+orB8KeKtO8XaPHqGny5B4dD1Vu4IreoAKKKKACiioZ7iK1iaWaRY41GSzHAoC1yWqeo6pZaTbNc31wkMS9WY4rg9X+KkRuHs/D2nz6lOuQXRflBqlpngXWfFU8ep+LbyTyidy2S8AD0NTfsdUcNyrmquy/Edq3xD1DxC76Z4RspZGc7TdlcKvuK0PD/wyiguRqHiC5bU7xl6S8qtdvYaXZaXbrBZW0cMajACLirlFu4SxFly0lZfiRwQRW0SxQxqkajAVRgCpaKKo5dwooooAKKKKACiiigAooooAKKKKACiiigAooooAKKKKACiiigAooooAKKKKACiiigAooooAKKKKACiiigAooooAKKKKAPNfiL8OpteurXW9CeK11azbzA23HmEetP8Ahx8QZtd+06Rrxjt9atH2uh+XePWvR68q+J3w2/taN9f0HMGsxHezISPMA7cd6APVaK84+F/j9fEenDS9Uk8vW7X5JY3G0tj0Fej0AFFFFABRRRQAlFFZer+INM0O3M2oXccQA6E8n8KBxi5OyNSql7qVlp0XmXl1FAnq7Yrzi4+Iut69I9v4V0aSRScC5lGF+tFj8OtW12/+2+Mr43KgfJBG2F/Gpv2OlYZQ1qu35lzWvijEl29j4fsZdUuFHLxDKg1mWvg3xd4mi+26xrs1kJufs0fZfQ16DofhjSfDsTRaZaJCGOSepP41sUWvuN4iMNKS+b3Oc8O+C9J8O2qxW8IklHLTPyxNar6TZuxYxYPtV6is6mHpVPjimYOrNvmuZLaNtOYJ3j/Gm/ZdVT5UuFKjoTWxRXK8to3vC8fRsr28uupjmPV4/m8xX9qPP1f/AJ4LWxRS/s+3w1JL5h7bvFGR5+r/APPBaPP1f/ngta9FH1CX/P2X4f5B7Vfyox/P1f8A54LR5+r/APPBa2KKPqEv+fsvw/yD2q/lRj/ZdRuj+9m8oei0q6Lu5muHc/WteihZbRes7yfmw9vPpoVIdOtoMFYxn1NWgqr0AH0paK7KdGnTVoJIycnLdi0UUhIArUQUySRYo2d2CooySegFcprnxG8PaFNJby3Xm3Sf8soxkk+lcXJeeOfHklx/Z6/2bpUi7QJhgsKTaOinhpyXNLReZ1+u/ErQtIjKwXAvLk8JFB8xJrjLTw34g+IerPe+IVns9KZcxRI2P0rs/CXw70nw5aRNLbx3F8Bl52GefauyAAAAGBSs3uae2hRuqK17/wCRm6NoOn6FZpb2NukYVQCwXlvrWnRRVHI5Nu7FooooEFFFFABRRRQAUUUUAFFFFABRRRQAUUUUAFFFFABUF1aw3lu8E8ayRupUqwzU9FAHz3rGiar8IPFiazpTyy6Bcyfv4wN2wE85Fe8abfxappttfQZ8qeMSLkc4NSXVpb31u0F1Ck0LfeRxkGqGo6zpPh2xzc3ENvFEvyx5A4HYCgai5OyNaq93fW1hA011OkUajJZzivM7j4m6lrzfZPCmkTSSNx50q4VfenW3w71vX7hbnxbqzyoORbxHC/jU37HSsNy61Xb8yzrXxOFxdR6d4Ug/tC9c4Jx8q1Si8G+K/Fswm8T6g1rbZ/49YD1r0DSvDWkaIq/YLGKFgMbwvzH8a1qLX3G8RGGlJW83uZWi+HtN0CzW2sLZI1Uctj5j9TWrRRVHLKTk7sWiiigQUUUUAFFFFABRRRQAUUUUAFFFFABRRRQAUUUUAFFFFABRRRQAUUUUAFFFFABRRRQAUUUUAFFFFABRRRQAUUUUAFFFFABRRRQAUUUUAeW+O/h9dnVovFPhUpbatb5Z0AwJR/jWv8OvH6eLNPkhvxHb6rbuY5oM4JI7gV3favJ/iF8OJnuP+Em8LE22rwHzGSPgS4oA9Xorz/4dfEWDxTamwvx9m1i3+WaF+C2O4rX8Q+P9D8PKRNcCefOPJh+ZqCoQlN2irnU1j694m0vw7amfULlU9EByzH6VwM/jzxF4pk+yeF9KlhU8NczrjbWhovwxU3aaj4kvJNRvM7tjH5FP0qb32OlYeNPWs7eXUzLnxv4n8VypZ+HNLltIZGx9rlXjFaelfC2KS6F94jvpdSuc52sfkFehQwRwRrHFGqIBgKowKko5e4pYlpctJcq/H7yC1s7eyhWG2hSKNRgKgwKnopao5W77hRRRQAUUUUAFFFFABRRRQAUUUUAFFFFACUUVQ1HWNP0qFpb27ihReu5qBpNuyL9BIA5rzjVPixYMRbaBbS6ldtwoRTgH3rPXRfH3i1/M1G//ALIt8fLHF1NTzdjoWFkleo+Vef8Akdh4n8caV4ZtS80qzXBOFgjOWJrivtXjPx9dFIFl0TTlHLEfM30rotD+F2jabKtzemS/vAcmSY5GfpXcqqooVQABwAKLN7le0pUl+7V33f8Akcd4b+HWk6JAWuo1v7xm3PPMuSTXYIiooVFCqOgAxTqKdrHPOpKbvJi0UUUyAooooAKKKKACiiigAooooAKKKKACiiigAooooAKKKKACiiigBpIUEkgAdzXJ+IPiHoWgHy5JzcXB48qD5jWn4n0W517SWsba+ezZiN0idSPSsjQfhtoWhyx3Pkm5vF6zTHcSfpSd+hvSVJLmqP5HIP4h8ZeOn8vRbVtP04vtaduGArY074TWrT/aNf1CfVJOwdiAK9GSOOJdsaKg9FGKdS5e5csVJK1Ncq/rqVLHTrTTbdILO3jhjUYAVcVbooqjlbb1YtFFFABRRRQAUUUUAFFFFABRRRQAUUUUAFFFFABRRRQAUUUUAFFFFABRRRQAUUUUAFFFFABRRRQAUUUUAFFFFABRRRQAUUUUAFFFFABRRRQAUUUUAJRSE4BJ6Vw3if4m6Vob/ZrP/T74ttEMRz+tJuxdOlOo7RVzuHkSJC0jqqjuxwK5fWviD4f0WJi96k8o4EUJ3MT6Vxc1l4y+IbKt2h0nS92SmcOwrqtC+GXh7Q3Wb7Obq4HPmTfNSu3sdHsqVP8AiO77L/M8r1XQ9a8XavP4m0fSH0zykLCQEq0uPat74UQeFtTUS3uH8QxyN5iXB+bPsDXtCoiIEVQFHGAOK8x+IPw4a9ePXfC8a2utQP5hKHaJB6fWhImeJfLywXKj06OGKIYjjRB6KMU+vNfA/wATk1e8/sLXYDYazENrLJwJD7V6VVHMFFFFABRRRQAUUUUAFFFFABRRRQAlFFcxrvj7QPD901rfXZW4UZ8tVJNBUISm7RVzp6K8vk+Lc11Jt0fw7e3aj7xKkVSXUPiL4qvJZLGIaRagYCTDrU8yOhYSf27L1PVJb+0hDGS5hUL1y44rhde+K+mWMhtdKik1G6zgCIZUH61nWHwdjmh83WdWu5bpzufy3IWu50Xwpo+g24isrKNSOrsuWP40asdsPTer5vwRwrax8TdTj2waVBaxy/dkJ5UGrWm/CtbqQXfiW/mv7ljkpuOwV6XjFFHL3JeKklaCUfQzNO8P6VpX/HlYQQnGNyoM1p0UVRztuTuxaKKKBBRRRQAUUUUAFFFFABRRRQAUUUUAFFFFABRRRQAUUUUAFFFFABRRRQAUUUUAFFFFABRRRQAUUUUAFFFFABRRRQAUUUUAFFFFABRRRQAUUUUAFFFFABRRRQAUUUUAFFFFABRRRQAUUUUAFFFFABRRRQAUUUUAFFFFABRRRQAUUUUAFFFFABRRRQAUUUUAMkQSRsh6MCDXHaJ8NdE0TWJdSRXnmckgTchST2rs6KVi41JRTUXuAAA4FLRRTICiiigDzv4i/DmPxNCNT0w/Ztat/milTjcR2NctpHxY1/Q4bfS/Efh27a6DiJZ1U4fnGa9tqN4IpSDJEjkdCyg4oAWJ/NhSTBG5Q2D2zT6KKACiiigAooooAKKKKACiiigBKzLzw9pF/c/aLvTreab++6ZNadFA02tiGG1gt1CwwxxgDHyqBU2BS0UCvcKKKKACiiigAooooAKKKKACiiigAooooAKKKKACiiigAooooAKKKKACiiigAooooAKKKKACiiigAooooAKKKKACiiigAooooAKKKKACiiigAooooAKKKKACiiigAooooAKKKKACiiigAooooAKKKKACiiigAooooAKKKKACiiigAooooAKKKKACiiigAooooAKKKKACiiigAooooAKKKKACiiigAooooAKKKKACiiigAooooAKKKKACiiigAooooAKKKKACiiigAooooAKKKKACiiigAooooAKKKKACiiigAooooAKKKKACiiigAooooAKKKKACiiigAooooAKKKKACiiigAooooAKKKKACiiigAooooAKKKKACiiigAooooAKKKKACiiigAooooAKKKKACiiigAooooAKKKKACiiigAooooAKKKKACiiigAooooAKKKKACiiigAooooAKKKKACiiigAooooAKKKKACiiigAooooAKKKKACiiigAooooAKKKKACiiigAooooAKKKKACiiigAooooAKKKKACiiigAooooAKKKKACiiigAooooAKKKKACiiigAooooAKKKKACiiigAooooAKKKKACiiigAooooAKKKKACiiigAooooAKKKKACiiigAooooAKKKKACiiigAooooAKKKKACiiigAooooAKKKKACiiigAooooAKKKKACiiigAooooAKKKKACiiigAooooAKKKKACiiigAooooAKKKKACiiigAooooAKKKKACiiigAooooAKKKKACiiigAooooAKKKKACiiigAooooAKKKKACiiigAooooAKKKKACiiigAooooAKKKKACiiigAooooAKKKKACiiigAooooAKKKKACiiigAooooAKKKKACiiigAooooAKKKKACiiigAooooAKKKKACiiigAooooAKKKKACiiigD//Z