/9j/4AAQSkZJRgABAQEASABIAAD//gA+Q1JFQVRPUjogZ2QtanBlZyB2MS4wICh1c2luZyBJSkcgSlBFRyB2OTApLCBkZWZhdWx0IHF1YWxpdHkK/9sAQwAIBgYHBgUIBwcHCQkICgwUDQwLCwwZEhMPFB0aHx4dGhwcICQuJyAiLCMcHCg3KSwwMTQ0NB8nOT04MjwuMzQy/9sAQwEJCQkMCwwYDQ0YMiEcITIyMjIyMjIyMjIyMjIyMjIyMjIyMjIyMjIyMjIyMjIyMjIyMjIyMjIyMjIyMjIyMjIy/8AAEQgAtAFAAwEiAAIRAQMRAf/EAB8AAAEFAQEBAQEBAAAAAAAAAAABAgMEBQYHCAkKC//EALUQAAIBAwMCBAMFBQQEAAABfQECAwAEEQUSITFBBhNRYQcicRQygZGhCCNCscEVUtHwJDNicoIJChYXGBkaJSYnKCkqNDU2Nzg5OkNERUZHSElKU1RVVldYWVpjZGVmZ2hpanN0dXZ3eHl6g4SFhoeIiYqSk5SVlpeYmZqio6Slpqeoqaqys7S1tre4ubrCw8TFxsfIycrS09TV1tfY2drh4uPk5ebn6Onq8fLz9PX29/j5+v/EAB8BAAMBAQEBAQEBAQEAAAAAAAABAgMEBQYHCAkKC//EALURAAIBAgQEAwQHBQQEAAECdwABAgMRBAUhMQYSQVEHYXETIjKBCBRCkaGxwQkjM1LwFWJy0QoWJDThJfEXGBkaJicoKSo1Njc4OTpDREVGR0hJSlNUVVZXWFlaY2RlZmdoaWpzdHV2d3h5eoKDhIWGh4iJipKTlJWWl5iZmqKjpKWmp6ipqrKztLW2t7i5usLDxMXGx8jJytLT1NXW19jZ2uLj5OXm5+jp6vLz9PX29/j5+v/aAAwDAQACEQMRAD8A3Pg9/wAeVevlwoyTivHvg83+hV6D4q1B9P0mSZDggUAbZu4R1cfnR9sh/wCei/nXy5qfxS1KK8kRZGwD61RHxW1UH/Wt+dAH1mLiNujA1matpEWqW7Rv3FfOVh8X76Nx5jkj616X4X+KlrqDJHM4DH1NAHK+Nvha4Ek9spPevFdS0u4024aOVCMH0r7cimtdUtsgq6sK8s+Inw9iu7eS4t4xuxngUAfM9FXdT0+XT7p4pFIwapUAFW9OtTd3scQ7nFVK2vDAzrUH+8KAPcvC3wzgn0hZJByy5rzb4ieEhod0xTpmvpvwuoGiQ8fwivHPjWozmgDwSig9aKACiiigAopVUswA6muq0fwRqGqw+ZHGxH0oA5SitrWvDl3o0hWZCPqKxaACiiigCW3ga4mWNRyTivUdA+FdxqVgJyDyM15vpEywajE7dAwr63+H99BeaJEEA4UUAfM/irwbc6BMdynb61yVfVPxV0SK40qSUIMgelfLlzH5Vw6ehoAhooq1p9k99dJCgyWOKAKtGD6V7NonwglvbRJXGNwzWv8A8KToA8CwfSjB9K99/wCFJ0f8KToA8CwfSjFe+/8ACk6r3PwVdYyUHNAHhVFdf4m8D3mhuxaM7R3xXIkEHB60AJRRRQB9L/B05tK7jx4P+JDN/umuC+Dbf6Niu/8AHAzoM3+6aAPj3WP+QlN/vGqFaOtDGqTf7xrOoAKs2l7NZyq8bkEe9VqKAPdPhv8AERxJHa3Mntya93R4dUsc8MrCvh6wvJLK6SVGIINfTXwu8WjUbJIJHywGOTQBxfxW8GeQ73cMfHXgV4i6FHKnqK+1fFmkx6ppEqlQTtNfI/ivS20zVpYyuBuNAGBW14X/AOQ1B/vCsWtrwv8A8hqD/eFAH2L4Y/5AkP8AuCvHfjZXsXhj/kCQ/wC4K8d+NlAHgR6mig9TRQAUUUUAXNMQSX8SnoWFfWnw/wBLt00KI+WuSo7V8n6MM6nD/vCvsDwKMaDD/uigDzf4x6bBHamRUAP0r54YYYj3r6R+M7f6ERXze/3z9aAG0UUUAOjO2RSPWvpb4N3bSaeqE9q+aB1FfQfwWnBiC5oA9J8eQiXQZuP4TXyDrCbNSmH+0a+yvF0fm6HMMfwmvj3xHGY9YmBH8RoAyK6rwJGsmvwhhn5hXK11vgH/AJD8P+8KAPrzRYkj02LAA+UUt3rFnZttlkVT70umcaXH/u14J8WtZu7PUCsUrKM9jQB7f/wk+mf894/zo/4SfTP+e8f518df8JRqX/Pw/wCdH/CUal/z8P8AnQB9i/8ACT6Z/wA94/zq3a6rZ33ETq30r4v/AOEo1L/n4f8AOvTvhZ4puJdSWKeYnJ7mgD17x14fg1DSJW8sFgp7V8l65Zmy1OWLGMMa+2buMXemMOu5a+UPiVpRstblbbgE0AcHRRRQB9HfBpv3GK9G8ajOhTf7przP4MN+7xXp/jEZ0Kb/AHTQB8d66MarN/vGsytXxAMatN/vGsqgAooooAK7/wCGutvYaxGhfCk1wFaegzmDVYWBx8woA+17OVb3TFbqGWvnT4waMLe/aZVxk17r4KuTcaFCSf4RXnfxntFNmXxzQB831teF/wDkNQf7wrGcYcj3rZ8L/wDIag/3hQB9i+GP+QJD/uCvHfjZXsXhj/kCQ/7grx342UAeBHqaKD1NFABRRRQBp6Cu7VYR/tCvsHwUu3Qof90V8g+HBnV4f94V9h+EV26HD/uigDzH40P/AKMRXzq33jX0H8an/dEV8+HqaAEooooAK9n+DN9svBHmvGK9N+EsxTWUGe9AH01q8Yn0mQeq18g+Orb7Pr0wx/Ea+w5hv0w/7lfJ/wATYgmvS/7xoA4Out8A/wDIfh/3hXJV1vgH/kPw/wC8KAPr3Tf+QUn+5Xzr8Zf+QkfrX0Vpv/IKT/cr51+Mv/ISP1oA8fooooAK6zwFcSQ67DsJ+8K5OvR/hfokl7q8cu04BoA+odKcyaVGW67a+fPjNEi3pIAzmvoeJRaaaAeNq18yfFvU1udVdFOcGgDy6iiigD6C+C7ZFes+LRnQ5v8AdNeQfBVvmxXsXigZ0Sb/AHTQB8ceJBjWJv8AeNZFbXigY1qf/eNYtABRRRQAVpaHC02qQqoz8wrOALHAHNemfDTwlNf6jHO8Z2g55FAH0J4It2g0KEMMfKK4H4zXCixKZ5r1i1hTT9OVegVa+dvi/rq3N40CNnBoA8fflz9a2PC//Iag/wB4Vi962vC//Iag/wB4UAfYvhj/AJAkP+4K8d+NlexeGP8AkCQ/7grx342UAeBHqaKD1NFABRRRQBs+GRnWYP8AeFfYnhYY0SH/AHRXx34YONag/wB4V9ieFznRIf8AdFAHj/xrbAxXgR6mvfPjWK8DPU0AFFFFABXonwq/5Dsf1Fed16V8Joy2tofegD6jP/IM/wCAV8q/FTH9uyfWvqqX5dMP+5Xyh8T33a9L9TQBwNdb4B/5D8P+8K5Kut8A/wDIfh/3hQB9e6b/AMgpP9yvnX4y/wDISP1r6K03/kFJ/uV86/GX/kJH60AeP0UU+KJppAiDJNAFnTrKS+u0iRScmvp/4Y+FF0zT0mkTDEZ6VwPww8CNNLHdXEfHXkV78BDplh2VVWgDH8YaxHpekSksAdpr5H8T6k2patLITkbjXp3xV8ZG5me1hk46cGvF3YuxY9TQAlFFFAHu/wAFm/e4r2nxIM6LN/umvEvgxkT8ivcPEA3aNL/u0AfHPiwY1uf/AHjWFXT+LLKd9cm2xsfmPaqFp4b1C7YBIH59qAMepoLWW4cLGhJPtXoOi/C7Ub11MkbAH2r1jwz8J7WyCPOgJHqKAPKPB/w6u9TuI5JoiEz3FfRnhnwzbaHZoqoAwHJrTs9Ms9LhARFUAVzfivxvZ6PauFkXeB60AN8deKoNI02RRIA+PWvlXxBqr6pqMkrMSCa2fGHjC41y7f5zsz61x55NABW14X/5DUH+8Kxa2vC//Iag/wB4UAfYvhj/AJAkP+4K8d+NlexeGP8AkCQ/7grx342UAeBHqaKD1NFABRRRQBreHG26vCf9oV9h+EW3aHD/ALor410Z/L1OE/7Qr6/8CTCXQYef4RQB5p8aoiYia+fT1NfSvxltS9gz47V81uMOw96AG0UUUAFet/B2336mrY715IOte7fBa0zIJMUAe6ag3l6U/slfI3xCm83Xpuf4jX1h4il8nRpT/smvj3xdP52tzHP8RoAwK63wD/yH4f8AeFclXW+Af+Q/D/vCgD6903/kFJ/uV86/GX/kJH619Fab/wAgqP8A3a8C+K2mXGoavsiQtk9hQB4tFC8zhEUkmvU/h/8AD6a/uY554zsznkVteBfhe8jpcXcfHXkV7ppul2ukWqqiqoUUAGlaZb6RYqiqFCivO/iT44jsLWS3hkG8jHBrS8deO7fSrSSKOQb8Y4NfM/iHXp9YvXkdyQT60AUNSv5L+7eWRiSTVOiigAooooA+vfCPgZPD8m5RXbXNstxbmJuhGKpWGu2eoNiGRWPsa0pJVjjLscCgDiZvhzp092ZpI1JJz0rWsvB2m2mNsCce1ST+LNOt5SjzKCPemr4w0xv+XhPzoA2YLCCAAJGo/CpyAo4FYyeKNOfpcJ+dTpr1jJ0nT86AMbxS1+bdltQc47V4J4o8OeIL2Z3kEhFfTAvrKYf6xD+NI9nY3IwUQ5oA+KL3Qr6zY+bCw/CsxlZThhg19mat4G03UYmHkrk+1eM+Nfha9kHntk4HPAoA8Yra8L/8hqD/AHhWZd2slpO0cikEGtPwv/yGoP8AeFAH2L4Y/wCQJD/uCvHfjZXsXhj/AJAkP+4K8d+NlAHgR6mig9TRQAUUUUAT2j+XdRt6Gvq/4W3on0SNc9BXyUp2sD6Gvof4NasGgEBagDrvilY/aNEkYDOBXyheRmO6kU9jX2p4qshfaNKuM5U18g+KrBrHWJkK4G40AYVFFFADoxukUe9fSvwbsfLsFkI7V85afEZr2NAOpFfWfw00/wCyaHESMErQBpeOrkW+gzHOPlNfIGtS+dqczf7Rr6e+K+oC30Z0zjIr5dUC51LDdGagB1npN3fHEMTN9BXf+BvCOowaxDK8LBQR2r1L4ceFNObS45nRWYjvXplvpFnb4McSgj0FAD9OiKWEaN121n3Xhu0u7vz5YwSPUVuqoAwOlI/CnFAFAta6Zb/woqivMvHHxLgsYpIbeQFunBqT4i3OsLE62obb7V86ayuoNcs10HznvQA/XfEFzrF08kkhIJ9axaKKACiiigAooooA92+EOp3N1dgSyM31Ne46w5XSZGB5218//Bl/9OA969/1kZ0iT/coA+UPGOt3sWtzKkzAbj3rnh4j1Ef8t3/OtHxwuNem/wB41zFAG4nirU06Tv8AnVqLxtqsfSd/zrmaKAO2tviRqsJGZm/Oul0r4v3sLqJXJH1rySigD6u8K/E201YpHI4DH1Nd7cQW+qWRBAZWFfE+j6nPYXsbo5GD619XfDvWm1TR4y7ZIFAHjPxU8IjT7p7iJMKTngV5/wCGBjW4R/tCvpf4p6alzo0j7eQK+btDj8vxGi+j/wBaAPr7wx/yBIf9wV478bK9i8Mf8gSH/cFeO/GygDwI9TRQepooAKKKKACvQ/hjrv8AZ2rRozYBNeeVZsbt7O6SVDgg5oA+4bSaPUdOUgghlrw74peBZHle6t4ye/Arf+GvjuK5tY7aeQbgMcmvUri1ttVtiGCsrCgD4cubSW1lKSIQR61BX0v4u+FMF5vltkAY88CvH9V+HepWVyUWFiM+lAFDwTpjX+tQgLkBhX11oNoLHSY0xjC15H8LvA8lm63FxHg+4r2DVbuPTtMdiQAq0AeJfGbWASYFavCUkKShx1BzXY/ELWjqWsy4bIDGuLoA9V8IfE6TRrdYZG4FekaF8Vo9TvUgB5Y4r5irrvALH+34ef4hQB9j2s/nW6yeozVebVbaGXy3kUH3NM0z/kFx/wC7XhnxP8Q3elarmGRhg9jQB7pNbWeoR4YK4NcX4i+GthqUbtHEoY+gry7wz8XJ4HSO5cke5r2LQfHmn6rGo81dx96APBfFHwvvNOd3hjJUegrzy70+4s5CssbDHqK+4Jbaz1KHkK4IrgfFHwxs9RR3hjAY+goA+UqK9B8RfDa/02VzHExUegrirnTbq1YiSJhj2oAp0UEEdaKAPXPg5Lt1NRnvX0dqI36U/wDuV8wfCafy9aQZ719Qy/vNMPulAHyF8QI9mvzf7xrkK774nweXrspx/FXA0AFFFFABRRRQA6P/AFi/Wvpv4O7/AOzFz6V856Tp019exoiE5PpX1d8ONFbTNHj3rgkUAWviFt/sCbP9018u6X/yNK4/56f1r6N+KWopbaLIhbkivmvRJd/iNG9XoA+v/DH/ACBIf9wV458a69h8LHdokOP7org/iX4TutcP7lSaAPl49TRXpf8AwqfUyf8AVt+VH/CptT/55t+VAHmlFel/8Km1P/nm35UjfCfUwP8AVt+VAHmtFdJrvhC+0XJljIH0rmyMHFAGjpWr3Gl3CyRORg9jXt/gz4rLsjgu39sk18/0+OV4mDIxBFAH23pviOw1OJSkqHPvVyXTbG6O5o0P4V8eaP401HS3XbM2B716Fp3xlnihCyEk0AfQgW10+EldqACvIfid46iitpLWCUEnjg1xeufF26vIWSJiMj1rzLUtUuNSnaSZycnuaAK91cNc3DSMckmoaKKACuo8DzLDr0JY4G4Vy9T2l09pOssZwQaAPtrSr2FtHRg4xs9a+dfjBdRzaowRgeazLP4oX9tYfZ956Y61x2saxPq900srE5PegDNBIOQcVqabr17p0qtFKwx71lUUAe1+E/izLAUiunyOnJr2fRPGOn6tEu2Vcntmvi5WKnKnBrc0nxRfaXIpjlbA96APs2exstQj+ZUYGuP134badqEbFIlDH0FeXeH/AIwTQ7EuGJHua9d8NeOrLW0VRIu4+9AHgXjP4c3Gju8kSEoPQV5zJG0TlWGCK+3dZ0m11axdXVSCK+WPiJoUWk6q4iwBntQAnw1n8rXouf4hX1pbHzNLX3WvjzwI5TXocf3hX1/pBMmkx/7tAHzT8XbfZq7tjvXlte+/FPwxd6lfFoIi2T2FcBY/DHVLlhuiYD6UAcEAT0Gaswadc3BAjiY/hXtWifBtyVa4WvR9I+Gmm2KKWiUke1AHzXY+CdUvCMQNg+1dfpHwjvrhlMqED6V9HW+h6faKNsSDHtU7XFjaryyLigDz7wt8MLXS2SSRAWHtXoMslvpdmeQqqKw9V8b6bp0bEzJke9eOeNfio10rwWr8Hjg0AVfit4uW+uHt4nyAccGvK9Lufs+oxyk9GzUV7eS3s7SyMSSe9VgcHIoA+u/AHiW1utIijMq7go712rXFpIMsyGvi3SPFV/pJAilYAe9dEPijqoXHmt+dAH1d5lj6pR5ll6pXyf8A8LP1X/nq350f8LP1X/nq350AfWHmWXqlNaWxweUr5R/4Wfqv/PVvzpG+J2qkY81vzoA9X+K82nHTnCbN+O1fN0uPNbHTNbOseJ73VyfOkYj61h0AFFFFABRRRQAUUUUAFFFFABRRRQAUUUUAFFFFABRRRQAoJHQ1veH/ABLdaNdJIkjYB9awKKAPfLT4xKNO2SN8+3FeUeLfETa7ftKTwTXN5PqaSgDv/hjYxXOtRlyODX1lp8SxWcaL0Ar4x8Iau+mavE4bA3CvrLw5r9vd6THIZVzt9aANu4sbaZsyopPvUYgsbccKgrzbxz8R00dykEgJ9jXlt/8AFzUJ8hHI/GgD6Tudb0+zUlpUGPeuT1n4m6dYqwSVSR6Gvm+/8capek5mbB96wZ9QubhiZJWP40Ae1ax8ZXJZYD+tcTqXxN1O7JCysAfeuCJJ6mkoA1b3X769JMkzHPvWYzs5yxJNNooAKKKKACiiigAooooAKKKKACiiigAooooAKKKKACiiigAooooAKKKKACiiigAooooAKKKKACiiigAooooAcjtG4ZTgiup07xzqWn2/kpK2MY61ylFAGlqus3OqzGSZyc+prNoooAKKKKACiiigAooooAKKKKACiiigAooooAKKKKACiiigAooooAKKKKACiiigAooooAKKKKACiiigAooooAKKKKACiiigAooooAKKKKACiiigAooooAKKKKACiiigAooooAKKKKACiiigAooooAKKKKACiiigAooooAKKKKACiiigAooooAKKKKACiiigAooooAKKKKACiiigD//Z